
> backend@1.0.0 test
> jest src/test/bookingRouter.test.js

  console.log
    [dotenv@17.2.3] injecting env (9) from .env -- tip: ΓÜÖ∩╕Å  load multiple .env files with { path: ['.env.local', '.env'] }

      at _log (node_modules/dotenv/lib/main.js:142:11)

node.exe : FAIL src/test/boo
kingRouter.test.js
At line:1 char:1
+ & "C:\Program 
Files\nodejs/node.exe" "C:\U
sers\asus\AppData\Roaming\n 
...
+ ~~~~~~~~~~~~~~~~~~~~~~~~~~
~~~~~~~~~~~~~~~~~~~~~~~~~~~~
~~~~~~~~~~~~~~~
    + CategoryInfo          
    : NotSpecified: (FAIL   
  src/test/bookingRouter.   
 test.js:String) [], Rem    
oteException
    + FullyQualifiedErrorId 
    : NativeCommandError
 
  ΓùÅ Test suite failed to 
run

    Business.hasMany called 
with something that's not a 
subclass of Sequelize.Model

    [0m [90m 4 |[39m
     [90m 5 |[39m [90m// 
Define associations for 
aggregation[39m
    
[31m[1m>[22m[39m[90m 6 
|[39m [33mBusiness[39m[3
3m.[39mhasMany([33mReview
[39m[33m,[39m { 
foreignKey[33m:[39m 
[32m'business_id'[39m 
})[33m;[39m
     [90m   |[39m         
 [31m[1m^[22m[39m
     [90m 7 |[39m [33mRev
iew[39m[33m.[39mbelongsTo
([33mBusiness[39m[33m,[3
9m { foreignKey[33m:[39m 
[32m'business_id'[39m 
})[33m;[39m
     [90m 8 |[39m
     [90m 9 |[39m 
[36mexport[39m 
[36mconst[39m getProfile 
[33m=[39m [36masync[39m 
(req[33m,[39m res) 
[33m=>[39m {[0m

      at Business.hasMany (n
ode_modules/sequelize/src/as
sociations/mixin.js:18:13)
      at Object.hasMany (src
/controller/userController.j
s:6:10)
      at Object.require (src
/route/userRouter.js:2:1)
      at Object.require 
(src/app.js:10:1)
      at Object.require (src
/test/bookingRouter.test.js:
2:1)

Test Suites: 1 failed, 1 
total
Tests:       0 total
Snapshots:   0 total
Time:        0.867 s
Ran all test suites 
matching src/test/bookingRou
ter.test.js.
